[wpriverthemes.com/HTML/synck/index.html]
[backblue.gif]
[fade.gif]
[index.html]
[cdn.jsdelivr.net/gh/iconoir-icons/iconoir@main/css/iconoir.css]
[maxst.icons8.com/vue-static/landings/line-awesome/line-awesome/1.3.0/css/line-awesome.min.css]
[wpriverthemes.com/HTML/synck/assets/css/bootstrap.min.css]
[wpriverthemes.com/HTML/synck/assets/css/swiper-bundle.min.css]
[wpriverthemes.com/HTML/synck/assets/css/style.css]
[wpriverthemes.com/HTML/synck/assets/css/responsive.css]
[wpriverthemes.com/HTML/synck/about.html]
[wpriverthemes.com/HTML/synck/assets/imgs/logo.svg]
[wpriverthemes.com/HTML/synck/contact.html]
[wpriverthemes.com/HTML/synck/home2.html]
[wpriverthemes.com/HTML/synck/company.html]
[wpriverthemes.com/HTML/synck/partner.html]
[wpriverthemes.com/HTML/synck/career.html]
[wpriverthemes.com/HTML/synck/event.html]
[wpriverthemes.com/HTML/synck/team.html]
[wpriverthemes.com/HTML/synck/blog.html]
[wpriverthemes.com/HTML/synck/overview.html]
[wpriverthemes.com/HTML/synck/pricing.html]
[wpriverthemes.com/HTML/synck/feature.html]
[wpriverthemes.com/HTML/synck/case-studie.html]
[wpriverthemes.com/HTML/synck/new-release.html]
[wpriverthemes.com/HTML/synck/solution.html]
[wpriverthemes.com/HTML/synck/assets/imgs/iphone-13-1.jpg]
[wpriverthemes.com/HTML/synck/case-studie-single.html]
[wpriverthemes.com/HTML/synck/portfolio.html]
[wpriverthemes.com/HTML/synck/assets/imgs/portfolio-mega-menu-1.jpg]
[wpriverthemes.com/HTML/synck/portfolio-details.html]
[wpriverthemes.com/HTML/synck/assets/imgs/portfolio-mega-menu-2.jpg]
[wpriverthemes.com/HTML/synck/assets/imgs/portfolio-mega-menu-3.jpg]
[wpriverthemes.com/HTML/synck/assets/imgs/portfolio-mega-menu-4.jpg]
[wpriverthemes.com/HTML/synck/assets/imgs/macbook.jpg]
[wpriverthemes.com/HTML/synck/service.html]
[wpriverthemes.com/HTML/synck/assets/imgs/hwd-icon-1.svg]
[wpriverthemes.com/HTML/synck/how-we-do-single.html]
[wpriverthemes.com/HTML/synck/assets/imgs/hwd-icon-4.svg]
[wpriverthemes.com/HTML/synck/assets/imgs/hwd-icon-2.svg]
[wpriverthemes.com/HTML/synck/assets/imgs/hwd-icon-3.svg]
[wpriverthemes.com/HTML/synck/service-details.html]
[wpriverthemes.com/HTML/synck/our-field-details.html]
[wpriverthemes.com/HTML/synck/assets/imgs/ipad.jpg]
[wpriverthemes.com/HTML/synck/faq.html]
[wpriverthemes.com/HTML/synck/assets/imgs/bg1-1.png]
[wpriverthemes.com/HTML/synck/assets/imgs/bg1.png]
[wpriverthemes.com/HTML/synck/assets/imgs/icon1.svg]
[wpriverthemes.com/HTML/synck/assets/imgs/small-img-4.png]
[wpriverthemes.com/HTML/synck/assets/imgs/small-img-3.png]
[wpriverthemes.com/HTML/synck/assets/imgs/small-img-2.png]
[wpriverthemes.com/HTML/synck/assets/imgs/small-img-1.png]
[wpriverthemes.com/HTML/synck/assets/imgs/icon2.svg]
[wpriverthemes.com/HTML/synck/assets/imgs/client-logo2.svg]
[wpriverthemes.com/HTML/synck/assets/imgs/client-logo1.svg]
[wpriverthemes.com/HTML/synck/assets/imgs/client-logo3.svg]
[wpriverthemes.com/HTML/synck/assets/imgs/client-logo4.svg]
[wpriverthemes.com/HTML/synck/assets/imgs/client-logo5.svg]
[wpriverthemes.com/HTML/synck/assets/imgs/bg-shape-1.svg]
[wpriverthemes.com/HTML/synck/how-we-do.html]
[wpriverthemes.com/HTML/synck/assets/imgs/hwd-icon-5.svg]
[wpriverthemes.com/HTML/synck/assets/imgs/hwd-icon-6.svg]
[wpriverthemes.com/HTML/synck/assets/imgs/service-icon-1.svg]
[wpriverthemes.com/HTML/synck/assets/imgs/service-icon-2.svg]
[wpriverthemes.com/HTML/synck/assets/imgs/service-icon-3.svg]
[wpriverthemes.com/HTML/synck/assets/imgs/service-icon-4.svg]
[wpriverthemes.com/HTML/synck/assets/imgs/service-icon-5.svg]
[wpriverthemes.com/HTML/synck/assets/imgs/case-studio-1-1.jpg]
[wpriverthemes.com/HTML/synck/assets/imgs/case-studio-2-2.jpg]
[wpriverthemes.com/HTML/synck/assets/imgs/case-studio-3.jpg]
[wpriverthemes.com/HTML/synck/assets/imgs/case-studio-4.jpg]
[wpriverthemes.com/HTML/synck/assets/imgs/case-studio-5.jpg]
[wpriverthemes.com/HTML/synck/assets/imgs/case-studio-6.jpg]
[wpriverthemes.com/HTML/synck/assets/imgs/case-studio-7.jpg]
[wpriverthemes.com/HTML/synck/assets/imgs/case-studio-8.jpg]
[wpriverthemes.com/HTML/synck/assets/imgs/case-studio-9.jpg]
[wpriverthemes.com/HTML/synck/assets/imgs/case-studio-10.jpg]
[wpriverthemes.com/HTML/synck/assets/imgs/bg-shape-2.svg]
[wpriverthemes.com/HTML/synck/assets/imgs/bg-shape-3.svg]
[wpriverthemes.com/HTML/synck/assets/imgs/icon-linkedin.svg]
[wpriverthemes.com/HTML/synck/assets/imgs/testimonial-1.jpg]
[wpriverthemes.com/HTML/synck/assets/imgs/testimonial-2.jpg]
[wpriverthemes.com/HTML/synck/assets/imgs/testimonial-3.jpg]
[wpriverthemes.com/HTML/synck/assets/imgs/project-1.png]
[wpriverthemes.com/HTML/synck/assets/imgs/project-2.png]
[wpriverthemes.com/HTML/synck/assets/imgs/project-3.png]
[wpriverthemes.com/HTML/synck/assets/imgs/project-4.png]
[wpriverthemes.com/HTML/synck/assets/imgs/project-5-new.png]
[wpriverthemes.com/HTML/synck/assets/imgs/project-6-new.png]
[wpriverthemes.com/HTML/synck/assets/imgs/news-1.jpg]
[wpriverthemes.com/HTML/synck/blog-details.html]
[wpriverthemes.com/HTML/synck/assets/imgs/news-2.jpg]
[wpriverthemes.com/HTML/synck/assets/imgs/news-3.jpg]
[wpriverthemes.com/HTML/synck/assets/imgs/feature-img-1.png]
[wpriverthemes.com/HTML/synck/assets/imgs/feature-img-2.png]
[wpriverthemes.com/HTML/synck/assets/imgs/support-icon.svg]
[wpriverthemes.com/HTML/synck/assets/imgs/map-icon.svg]
[wpriverthemes.com/HTML/synck/assets/imgs/bg-shape-4.svg]
[wpriverthemes.com/HTML/synck/assets/imgs/logo-white.svg]
[wpriverthemes.com/HTML/synck/assets/imgs/youtube.svg]
[wpriverthemes.com/HTML/synck/assets/imgs/webflow.svg]
[wpriverthemes.com/HTML/synck/assets/imgs/upwork.svg]
[wpriverthemes.com/HTML/synck/assets/imgs/shopify.svg]
[wpriverthemes.com/HTML/synck/assets/js/jquery-3.7.0.min.js]
[wpriverthemes.com/HTML/synck/assets/js/bootstrap.bundle.min.js]
[wpriverthemes.com/HTML/synck/assets/js/gsap.min.js]
[wpriverthemes.com/HTML/synck/assets/js/Draggable.min.js]
[wpriverthemes.com/HTML/synck/assets/js/swiper-bundle.min.js]
[wpriverthemes.com/HTML/synck/assets/js/client-marquee.js]
[wpriverthemes.com/HTML/synck/assets/js/theme-custom.js]
[wpriverthemes.com/HTML/synck/assets/js/form1.js]
[wpriverthemes.com/HTML/synck/assets/js/subscribe-form.js]
[wpriverthemes.com/HTML/synck/index.html]
[cdn.jsdelivr.net/gh/iconoir-icons/iconoir@main/css/iconoir.css]
[maxst.icons8.com/vue-static/landings/line-awesome/line-awesome/1.3.0/css/line-awesome.min.css]
[wpriverthemes.com/HTML/synck/assets/css/bootstrap.min.css]
[wpriverthemes.com/HTML/synck/assets/css/swiper-bundle.min.css]
[wpriverthemes.com/HTML/synck/assets/imgs/linenew.png]
[wpriverthemes.com/HTML/synck/assets/imgs/linenew2.png]
[wpriverthemes.com/HTML/synck/assets/imgs/linenew3.png]
[wpriverthemes.com/HTML/synck/assets/imgs/line-shape-4.png]
[wpriverthemes.com/HTML/synck/assets/css/style.css]
[wpriverthemes.com/HTML/synck/assets/imgs/line-shape-3.png]
[wpriverthemes.com/HTML/synck/assets/css/responsive.css]
[wpriverthemes.com/HTML/synck/assets/imgs/hero-company-about.jpg]
[wpriverthemes.com/HTML/synck/assets/imgs/bg-shape-10.svg]
[wpriverthemes.com/HTML/synck/assets/imgs/team4.png]
[wpriverthemes.com/HTML/synck/assets/imgs/team5.png]
[wpriverthemes.com/HTML/synck/assets/imgs/team6.png]
[wpriverthemes.com/HTML/synck/assets/imgs/team7.png]
[wpriverthemes.com/HTML/synck/assets/imgs/team8.png]
[wpriverthemes.com/HTML/synck/assets/imgs/team9.png]
[wpriverthemes.com/HTML/synck/assets/imgs/team10.png]
[wpriverthemes.com/HTML/synck/assets/imgs/team11.png]
[wpriverthemes.com/HTML/synck/assets/imgs/about-service-3.png]
[wpriverthemes.com/HTML/synck/about.html]
[wpriverthemes.com/HTML/synck/assets/imgs/logo.svg]
[wpriverthemes.com/HTML/synck/assets/imgs/bg-shape-11.svg]
[wpriverthemes.com/HTML/synck/assets/css/jsvectormap.css]
[wpriverthemes.com/HTML/synck/assets/imgs/flag.png]
[wpriverthemes.com/HTML/synck/assets/imgs/map.svg]
[wpriverthemes.com/HTML/synck/assets/imgs/bg-shape-7.svg]
[unpkg.com/gsap@3/dist/gsap.min.86.delayed]
[unpkg.com/gsap@3.12.5/dist/gsap.min.js]
[wpriverthemes.com/HTML/synck/contact.html]
[wpriverthemes.com/HTML/synck/assets/js/theme-worldmap.js]
[cdn.jsdelivr.net/npm/swiper@10/swiper-bundle.min.css]
[wpriverthemes.com/HTML/synck/assets/imgs/bg-shape-6.svg]
[wpriverthemes.com/HTML/synck/assets/imgs/bg-shape-5.svg]
[wpriverthemes.com/HTML/synck/assets/imgs/youtube-2.svg]
[wpriverthemes.com/HTML/synck/assets/imgs/webflow-2.svg]
[wpriverthemes.com/HTML/synck/assets/imgs/shopify-2.svg]
[wpriverthemes.com/HTML/synck/assets/imgs/netflix.svg]
[wpriverthemes.com/HTML/synck/assets/imgs/zoom.svg]
[wpriverthemes.com/HTML/synck/assets/imgs/forbes.svg]
[wpriverthemes.com/HTML/synck/assets/imgs/service-1.png]
[wpriverthemes.com/HTML/synck/assets/imgs/service-2.png]
[wpriverthemes.com/HTML/synck/assets/imgs/service-3.png]
[wpriverthemes.com/HTML/synck/assets/imgs/service-4.png]
[wpriverthemes.com/HTML/synck/assets/imgs/service-5.png]
[wpriverthemes.com/HTML/synck/assets/imgs/service-6.png]
[wpriverthemes.com/HTML/synck/assets/imgs/about2-tab-1.png]
[wpriverthemes.com/HTML/synck/assets/imgs/about2-tab-2.png]
[wpriverthemes.com/HTML/synck/assets/imgs/about2-tab-3.png]
[wpriverthemes.com/HTML/synck/assets/imgs/about2-tab-4.png]
[wpriverthemes.com/HTML/synck/assets/imgs/about2-tab-5.png]
[wpriverthemes.com/HTML/synck/assets/imgs/bg-shape-feature.svg]
[wpriverthemes.com/HTML/synck/assets/imgs/iphone-13.png]
[wpriverthemes.com/HTML/synck/assets/imgs/blog-1.jpg]
[wpriverthemes.com/HTML/synck/assets/imgs/blog-2.jpg]
[wpriverthemes.com/HTML/synck/assets/imgs/blog-3.jpg]
[wpriverthemes.com/HTML/synck/assets/imgs/bg-shape-blog-sticky.svg]
[wpriverthemes.com/HTML/synck/assets/imgs/blog-4.jpg]
[wpriverthemes.com/HTML/synck/assets/imgs/bg-shape-9.svg]
[wpriverthemes.com/HTML/synck/assets/imgs/portfolio-1.jpg]
[wpriverthemes.com/HTML/synck/assets/imgs/portfolio-2.jpg]
[wpriverthemes.com/HTML/synck/assets/imgs/portfolio-3.jpg]
[wpriverthemes.com/HTML/synck/assets/imgs/portfolio-4.jpg]
[wpriverthemes.com/HTML/synck/assets/imgs/portfolio-5.jpg]
[wpriverthemes.com/HTML/synck/assets/imgs/portfolio-6.jpg]
[wpriverthemes.com/HTML/synck/assets/imgs/team-2.jpg]
[wpriverthemes.com/HTML/synck/assets/imgs/team-1.jpg]
[wpriverthemes.com/HTML/synck/assets/imgs/team-3.jpg]
[wpriverthemes.com/HTML/synck/assets/imgs/webflow-3.svg]
[wpriverthemes.com/HTML/synck/assets/imgs/upwork-2.svg]
[ajax.googleapis.com/ajax/libs/jqueryui/1.11.4/jquery-ui.min.js]
[wpriverthemes.com/HTML/synck/assets/js/slideTobook.js]
[wpriverthemes.com/HTML/synck/assets/js/form2.js]
[wpriverthemes.com/HTML/synck/home2.html]
[wpriverthemes.com/HTML/synck/company.html]
[wpriverthemes.com/HTML/synck/assets/imgs/hero-partner-about.jpg]
[wpriverthemes.com/HTML/synck/assets/imgs/client-logo7.svg]
[wpriverthemes.com/HTML/synck/assets/imgs/client-logo8.svg]
[wpriverthemes.com/HTML/synck/assets/imgs/client-logo9.svg]
[wpriverthemes.com/HTML/synck/assets/imgs/client-logo10.svg]
[wpriverthemes.com/HTML/synck/assets/imgs/client-logo11.svg]
[wpriverthemes.com/HTML/synck/assets/imgs/client-logo12.svg]
[wpriverthemes.com/HTML/synck/assets/imgs/client-logo13.svg]
[wpriverthemes.com/HTML/synck/assets/imgs/client-logo14.svg]
[wpriverthemes.com/HTML/synck/assets/imgs/client-logo15.svg]
[wpriverthemes.com/HTML/synck/assets/imgs/client-logo16.svg]
[wpriverthemes.com/HTML/synck/assets/imgs/partner-trusted.jpg]
[wpriverthemes.com/HTML/synck/partner.html]
[wpriverthemes.com/HTML/synck/assets/imgs/hero-career-about.jpg]
[wpriverthemes.com/HTML/synck/assets/imgs/service-icon-6.svg]
[wpriverthemes.com/HTML/synck/assets/imgs/service-icon-7.svg]
[wpriverthemes.com/HTML/synck/assets/imgs/service-icon-8.svg]
[wpriverthemes.com/HTML/synck/assets/imgs/service-icon-9.svg]
[wpriverthemes.com/HTML/synck/career.html]
[wpriverthemes.com/HTML/synck/assets/imgs/bg-shape-mentors.svg]
[wpriverthemes.com/HTML/synck/assets/imgs/event-1.jpg]
[wpriverthemes.com/HTML/synck/event-single.html]
[wpriverthemes.com/HTML/synck/assets/imgs/event-2.jpg]
[wpriverthemes.com/HTML/synck/assets/imgs/event-3.jpg]
[wpriverthemes.com/HTML/synck/assets/imgs/event-4.jpg]
[wpriverthemes.com/HTML/synck/assets/imgs/bg-shape-12.png]
[wpriverthemes.com/HTML/synck/assets/imgs/about-service-5.jpg]
[wpriverthemes.com/HTML/synck/event.html]
[wpriverthemes.com/HTML/synck/assets/imgs/team-4.jpg]
[wpriverthemes.com/HTML/synck/assets/imgs/team-5.jpg]
[wpriverthemes.com/HTML/synck/assets/imgs/team-6.jpg]
[wpriverthemes.com/HTML/synck/assets/imgs/team-7.jpg]
[wpriverthemes.com/HTML/synck/assets/imgs/team-8.jpg]
[wpriverthemes.com/HTML/synck/team.html]
[wpriverthemes.com/HTML/synck/assets/imgs/news-4.jpg]
[wpriverthemes.com/HTML/synck/assets/imgs/news-5.jpg]
[wpriverthemes.com/HTML/synck/assets/imgs/news-6.jpg]
[wpriverthemes.com/HTML/synck/assets/imgs/news-7.jpg]
[wpriverthemes.com/HTML/synck/blog.html]
[wpriverthemes.com/HTML/synck/assets/imgs/hero-overview-about.jpg]
[wpriverthemes.com/HTML/synck/assets/imgs/about-service-6.jpg]
[wpriverthemes.com/HTML/synck/assets/imgs/case-studio-1.jpg]
[wpriverthemes.com/HTML/synck/assets/imgs/case-studio-2.jpg]
[wpriverthemes.com/HTML/synck/overview.html]
[wpriverthemes.com/HTML/synck/assets/imgs/question-icon.svg]
[wpriverthemes.com/HTML/synck/pricing.html]
[wpriverthemes.com/HTML/synck/feature.html]
[wpriverthemes.com/HTML/synck/assets/imgs/case-studie-1.jpg]
[wpriverthemes.com/HTML/synck/assets/imgs/case-studie-2.jpg]
[wpriverthemes.com/HTML/synck/assets/imgs/case-studie-3.jpg]
[wpriverthemes.com/HTML/synck/assets/imgs/case-studie-4.jpg]
[wpriverthemes.com/HTML/synck/assets/imgs/case-studie-5.jpg]
[wpriverthemes.com/HTML/synck/assets/imgs/case-studie-6.jpg]
[wpriverthemes.com/HTML/synck/assets/imgs/case-studie-7.jpg]
[wpriverthemes.com/HTML/synck/case-studie.html]
[wpriverthemes.com/HTML/synck/assets/imgs/new-release-hero-img.jpg]
[wpriverthemes.com/HTML/synck/assets/imgs/new-release-1.jpg]
[wpriverthemes.com/HTML/synck/assets/imgs/new-release-2.jpg]
[wpriverthemes.com/HTML/synck/assets/imgs/new-release-3.jpg]
[wpriverthemes.com/HTML/synck/new-release.html]
[wpriverthemes.com/HTML/synck/assets/imgs/about-service-2.png]
[wpriverthemes.com/HTML/synck/solution.html]
[wpriverthemes.com/HTML/synck/assets/imgs/case-studie-details.jpg]
[wpriverthemes.com/HTML/synck/assets/imgs/case-studie-details-2.jpg]
[wpriverthemes.com/HTML/synck/assets/imgs/case-studie-details-3.jpg]
[wpriverthemes.com/HTML/synck/case-studie-single.html]
[wpriverthemes.com/HTML/synck/assets/imgs/project-3.jpg]
[wpriverthemes.com/HTML/synck/assets/imgs/project-5.png]
[wpriverthemes.com/HTML/synck/assets/imgs/project-6.png]
[wpriverthemes.com/HTML/synck/assets/imgs/project-7.png]
[wpriverthemes.com/HTML/synck/assets/imgs/bg-shape-2-2.svg]
[wpriverthemes.com/HTML/synck/assets/imgs/project-8.png]
[wpriverthemes.com/HTML/synck/assets/imgs/project-9.png]
[wpriverthemes.com/HTML/synck/assets/imgs/project-10.png]
[wpriverthemes.com/HTML/synck/assets/imgs/project-11.png]
[wpriverthemes.com/HTML/synck/assets/imgs/project-12.png]
[wpriverthemes.com/HTML/synck/portfolio.html]
[wpriverthemes.com/HTML/synck/assets/imgs/portfolio-details.jpg]
[wpriverthemes.com/HTML/synck/assets/imgs/portfolio-details-2.jpg]
[wpriverthemes.com/HTML/synck/assets/imgs/portfolio-details-3.jpg]
[wpriverthemes.com/HTML/synck/portfolio-details.html]
[wpriverthemes.com/HTML/synck/assets/imgs/hero-service-about.jpg]
[wpriverthemes.com/HTML/synck/service.html]
[wpriverthemes.com/HTML/synck/assets/imgs/hwd-icon-1.svg]
[wpriverthemes.com/HTML/synck/assets/imgs/how-we-do-single.jpg]
[wpriverthemes.com/HTML/synck/assets/imgs/how-we-do-single-2.jpg]
[wpriverthemes.com/HTML/synck/how-we-do-single.html]
[wpriverthemes.com/HTML/synck/assets/imgs/hwd-icon-4.svg]
[wpriverthemes.com/HTML/synck/assets/imgs/hwd-icon-2.svg]
[wpriverthemes.com/HTML/synck/assets/imgs/hwd-icon-3.svg]
[wpriverthemes.com/HTML/synck/assets/imgs/service-details.jpg]
[wpriverthemes.com/HTML/synck/assets/imgs/service-details-2.jpg]
[wpriverthemes.com/HTML/synck/assets/imgs/service-details-3.jpg]
[wpriverthemes.com/HTML/synck/assets/imgs/about-service-7.jpg]
[wpriverthemes.com/HTML/synck/service-details.html]
[wpriverthemes.com/HTML/synck/assets/imgs/our-field-details.jpg]
[wpriverthemes.com/HTML/synck/assets/imgs/our-field-2.jpg]
[wpriverthemes.com/HTML/synck/assets/imgs/our-field-3.jpg]
[wpriverthemes.com/HTML/synck/our-field-details.html]
[wpriverthemes.com/HTML/synck/faq.html]
[wpriverthemes.com/HTML/synck/assets/imgs/icon1.svg]
[wpriverthemes.com/HTML/synck/assets/imgs/icon2.svg]
[wpriverthemes.com/HTML/synck/assets/imgs/client-logo1.svg]
[wpriverthemes.com/HTML/synck/assets/imgs/client-logo2.svg]
[wpriverthemes.com/HTML/synck/assets/imgs/client-logo3.svg]
[wpriverthemes.com/HTML/synck/assets/imgs/client-logo4.svg]
[wpriverthemes.com/HTML/synck/assets/imgs/client-logo5.svg]
[wpriverthemes.com/HTML/synck/assets/imgs/bg-shape-cta.svg]
[wpriverthemes.com/HTML/synck/assets/imgs/bg-shape-1.svg]
[wpriverthemes.com/HTML/synck/how-we-do.html]
[wpriverthemes.com/HTML/synck/assets/imgs/hwd-icon-5.svg]
[wpriverthemes.com/HTML/synck/assets/imgs/hwd-icon-6.svg]
[wpriverthemes.com/HTML/synck/assets/imgs/service-icon-1.svg]
[wpriverthemes.com/HTML/synck/assets/imgs/service-icon-2.svg]
[wpriverthemes.com/HTML/synck/assets/imgs/service-icon-3.svg]
[wpriverthemes.com/HTML/synck/assets/imgs/service-icon-4.svg]
[wpriverthemes.com/HTML/synck/assets/imgs/service-icon-5.svg]
[wpriverthemes.com/HTML/synck/assets/imgs/bg-shape-2.svg]
[wpriverthemes.com/HTML/synck/assets/imgs/bg-shape-3.svg]
[wpriverthemes.com/HTML/synck/assets/imgs/icon-linkedin.svg]
[wpriverthemes.com/HTML/synck/assets/imgs/blog-details.jpg]
[wpriverthemes.com/HTML/synck/assets/imgs/blog-details-2.jpg]
[wpriverthemes.com/HTML/synck/blog-details.html]
[wpriverthemes.com/HTML/synck/assets/imgs/support-icon.svg]
[wpriverthemes.com/HTML/synck/assets/imgs/map-icon.svg]
[wpriverthemes.com/HTML/synck/assets/imgs/bg-shape-4.svg]
[wpriverthemes.com/HTML/synck/assets/imgs/logo-white.svg]
[wpriverthemes.com/HTML/synck/assets/imgs/youtube.svg]
[wpriverthemes.com/HTML/synck/assets/imgs/webflow.svg]
[wpriverthemes.com/HTML/synck/assets/imgs/upwork.svg]
[wpriverthemes.com/HTML/synck/assets/imgs/shopify.svg]
[wpriverthemes.com/HTML/synck/assets/js/jquery-3.7.0.min.js]
[wpriverthemes.com/HTML/synck/assets/js/bootstrap.bundle.min.js]
[wpriverthemes.com/HTML/synck/assets/js/gsap.min.js]
[wpriverthemes.com/HTML/synck/assets/js/Draggable.min.js]
[wpriverthemes.com/HTML/synck/Version/index.html]
[wpriverthemes.com/HTML/synck/e.103.delayed]
[wpriverthemes.com/HTML/synck/t.params.url]
[wpriverthemes.com/HTML/synck/assets/js/swiper-bundle.min.js]
[wpriverthemes.com/HTML/synck/assets/js/client-marquee.js]
[wpriverthemes.com/HTML/synck/assets/js/theme-custom.js]
[wpriverthemes.com/HTML/synck/assets/js/form1.js]
[wpriverthemes.com/HTML/synck/assets/mail/subscribe.php]
[wpriverthemes.com/HTML/synck/assets/js/subscribe-form.js]
[wpriverthemes.com/HTML/synck/assets/imgs/caret.svg]
[wpriverthemes.com/HTML/synck/assets/imgs/caret-black.svg]
[wpriverthemes.com/HTML/synck/assets/imgs/dashed-line.svg]
[wpriverthemes.com/HTML/synck/assets/imgs/bg-shape-10.svg]
[wpriverthemes.com/HTML/synck/assets/imgs/bg-shape-11.svg]
[wpriverthemes.com/HTML/synck/assets/css/jsvectormap.css]
[wpriverthemes.com/HTML/synck/assets/imgs/map.svg]
[wpriverthemes.com/HTML/synck/assets/imgs/bg-shape-7.svg]
[wpriverthemes.com/HTML/synck/assets/js/theme-worldmap.js]
[cdn.jsdelivr.net/npm/swiper@10/swiper-bundle.min.css]
[wpriverthemes.com/HTML/synck/assets/imgs/bg-shape-6.svg]
[wpriverthemes.com/HTML/synck/assets/imgs/bg-shape-5.svg]
[wpriverthemes.com/HTML/synck/assets/imgs/youtube-2.svg]
[wpriverthemes.com/HTML/synck/assets/imgs/webflow-2.svg]
[wpriverthemes.com/HTML/synck/assets/imgs/shopify-2.svg]
[wpriverthemes.com/HTML/synck/assets/imgs/netflix.svg]
[wpriverthemes.com/HTML/synck/assets/imgs/zoom.svg]
[wpriverthemes.com/HTML/synck/assets/imgs/forbes.svg]
[wpriverthemes.com/HTML/synck/assets/imgs/bg-shape-feature.svg]
[wpriverthemes.com/HTML/synck/assets/imgs/bg-shape-blog-sticky.svg]
[wpriverthemes.com/HTML/synck/assets/imgs/bg-shape-9.svg]
[wpriverthemes.com/HTML/synck/assets/imgs/webflow-3.svg]
[wpriverthemes.com/HTML/synck/assets/imgs/upwork-2.svg]
[wpriverthemes.com/HTML/synck/assets/js/slideTobook.js]
[wpriverthemes.com/HTML/synck/assets/mail/contact2.php]
[wpriverthemes.com/HTML/synck/assets/js/form2.js]
[wpriverthemes.com/HTML/synck/assets/imgs/client-logo7.svg]
[wpriverthemes.com/HTML/synck/assets/imgs/client-logo8.svg]
[wpriverthemes.com/HTML/synck/assets/imgs/client-logo9.svg]
[wpriverthemes.com/HTML/synck/assets/imgs/client-logo10.svg]
[wpriverthemes.com/HTML/synck/assets/imgs/client-logo11.svg]
[wpriverthemes.com/HTML/synck/assets/imgs/client-logo12.svg]
[wpriverthemes.com/HTML/synck/assets/imgs/client-logo13.svg]
[wpriverthemes.com/HTML/synck/assets/imgs/client-logo14.svg]
[wpriverthemes.com/HTML/synck/assets/imgs/client-logo15.svg]
[wpriverthemes.com/HTML/synck/assets/imgs/client-logo16.svg]
[wpriverthemes.com/HTML/synck/assets/imgs/service-icon-6.svg]
[wpriverthemes.com/HTML/synck/assets/imgs/service-icon-7.svg]
[wpriverthemes.com/HTML/synck/assets/imgs/service-icon-8.svg]
[wpriverthemes.com/HTML/synck/assets/imgs/service-icon-9.svg]
[wpriverthemes.com/HTML/synck/assets/imgs/bg-shape-mentors.svg]
[wpriverthemes.com/HTML/synck/assets/imgs/event-details.jpg]
[wpriverthemes.com/HTML/synck/event-single.html]
[wpriverthemes.com/HTML/synck/assets/imgs/question-icon.svg]
[wpriverthemes.com/HTML/synck/assets/imgs/bg-shape-2-2.svg]
[wpriverthemes.com/HTML/synck/assets/imgs/bg-shape-cta.svg]
[wpriverthemes.com/HTML/synck/Version/index.html]
[wpriverthemes.com/HTML/synck/e.html]
[wpriverthemes.com/HTML/synck/t.params.html]
[wpriverthemes.com/HTML/synck/assets/mail/subscribe.html]
[wpriverthemes.com/HTML/synck/assets/mail/contact2.html]
